    Graph 1:
       A  B  C  D  E  F
    A  0  0  2  8  3  0 
    B  0  0  0  6  0  0 
    C  0  3  0  4  9  0 
    D  0  0  0  0  0  0 
    E  0  0  0  0  0  0 
    F  1  0  0  0  0  0 
    
    DFS recursive starting at F: FACBDE
    DFS iter -> starting at F:   FAEDCB
    DFS iter <- starting at F:   FACBDE
    BFS starting at F:           FACDEB
    
    Dijkstra's Algorithm starting at F: 
    
    Verify: pass #1
    Costs:   [1, 2147483647, 2147483647, 2147483647, 2147483647, 0]
    Prevs:   [5, -1, -1, -1, -1, -1]
    Visited: [false, false, false, false, false, true]
    
    Verify: pass #2
    Costs:   [1, 2147483647, 3, 9, 4, 0]
    Prevs:   [5, -1, 0, 0, 0, -1]
    Visited: [true, false, false, false, false, true]
    
    Verify: pass #3
    Costs:   [1, 6, 3, 7, 4, 0]
    Prevs:   [5, 2, 0, 2, 0, -1]
    Visited: [true, false, true, false, false, true]
    
    Verify: pass #4
    Costs:   [1, 6, 3, 7, 4, 0]
    Prevs:   [5, 2, 0, 2, 0, -1]
    Visited: [true, false, true, false, true, true]
    
    Verify: pass #5
    Costs:   [1, 6, 3, 7, 4, 0]
    Prevs:   [5, 2, 0, 2, 0, -1]
    Visited: [true, true, true, false, true, true]
    
    Verify: pass #6
    Costs:   [1, 6, 3, 7, 4, 0]
    Prevs:   [5, 2, 0, 2, 0, -1]
    Visited: [true, true, true, true, true, true]
    
    Path from F to A:  F -> A
    Path from F to B:  F -> A -> C -> B
    Path from F to C:  F -> A -> C
    Path from F to D:  F -> A -> C -> D
    Path from F to E:  F -> A -> E
    Path from F to F:  F
    
    Dijkstra's Algorithm starting at A: 
    
    Verify: pass #1
    Costs:   [0, 2147483647, 2, 8, 3, 2147483647]
    Prevs:   [-1, -1, 0, 0, 0, -1]
    Visited: [true, false, false, false, false, false]
    
    Verify: pass #2
    Costs:   [0, 5, 2, 6, 3, 2147483647]
    Prevs:   [-1, 2, 0, 2, 0, -1]
    Visited: [true, false, true, false, false, false]
    
    Verify: pass #3
    Costs:   [0, 5, 2, 6, 3, 2147483647]
    Prevs:   [-1, 2, 0, 2, 0, -1]
    Visited: [true, false, true, false, true, false]
    
    Verify: pass #4
    Costs:   [0, 5, 2, 6, 3, 2147483647]
    Prevs:   [-1, 2, 0, 2, 0, -1]
    Visited: [true, true, true, false, true, false]
    
    Verify: pass #5
    Costs:   [0, 5, 2, 6, 3, 2147483647]
    Prevs:   [-1, 2, 0, 2, 0, -1]
    Visited: [true, true, true, true, true, false]
    
    Verify: pass #6
    Costs:   [0, 5, 2, 6, 3, 2147483647]
    Prevs:   [-1, 2, 0, 2, 0, -1]
    Visited: [true, true, true, true, true, false]
    
    Path from A to A:  A
    Path from A to B:  A -> C -> B
    Path from A to C:  A -> C
    Path from A to D:  A -> C -> D
    Path from A to E:  A -> E
    Path from A to F:  does not exist.
    
    
    Graph 2:
       A  B  C  D  E  F
    A  0 22  0 15  3  0 
    B  0  0  0  4  0  0 
    C  0  1  0  0  0  0 
    D  0  0 25  0  0  6 
    E  0  0  0  2  0  0 
    F  0  0  8  0  0  0 
    
    DFS recursive starting at A: ABDCFE
    DFS iter -> starting at A:   AEDFCB
    DFS iter <- starting at A:   ABDCFE
    BFS starting at D:           DCFB
    
    Dijkstra's Algorithm starting at A: 
    
    Verify: pass #1
    Costs:   [0, 22, 2147483647, 15, 3, 2147483647]
    Prevs:   [-1, 0, -1, 0, 0, -1]
    Visited: [true, false, false, false, false, false]
    
    Verify: pass #2
    Costs:   [0, 22, 2147483647, 5, 3, 2147483647]
    Prevs:   [-1, 0, -1, 4, 0, -1]
    Visited: [true, false, false, false, true, false]
    
    Verify: pass #3
    Costs:   [0, 22, 30, 5, 3, 11]
    Prevs:   [-1, 0, 3, 4, 0, 3]
    Visited: [true, false, false, true, true, false]
    
    Verify: pass #4
    Costs:   [0, 22, 19, 5, 3, 11]
    Prevs:   [-1, 0, 5, 4, 0, 3]
    Visited: [true, false, false, true, true, true]
    
    Verify: pass #5
    Costs:   [0, 20, 19, 5, 3, 11]
    Prevs:   [-1, 2, 5, 4, 0, 3]
    Visited: [true, false, true, true, true, true]
    
    Verify: pass #6
    Costs:   [0, 20, 19, 5, 3, 11]
    Prevs:   [-1, 2, 5, 4, 0, 3]
    Visited: [true, true, true, true, true, true]
    
    Path from A to A:  A
    Path from A to B:  A -> E -> D -> F -> C -> B
    Path from A to C:  A -> E -> D -> F -> C
    Path from A to D:  A -> E -> D
    Path from A to E:  A -> E
    Path from A to F:  A -> E -> D -> F
    
    Dijkstra's Algorithm starting at B: 
    
    Verify: pass #1
    Costs:   [2147483647, 0, 2147483647, 4, 2147483647, 2147483647]
    Prevs:   [-1, -1, -1, 1, -1, -1]
    Visited: [false, true, false, false, false, false]
    
    Verify: pass #2
    Costs:   [2147483647, 0, 29, 4, 2147483647, 10]
    Prevs:   [-1, -1, 3, 1, -1, 3]
    Visited: [false, true, false, true, false, false]
    
    Verify: pass #3
    Costs:   [2147483647, 0, 18, 4, 2147483647, 10]
    Prevs:   [-1, -1, 5, 1, -1, 3]
    Visited: [false, true, false, true, false, true]
    
    Verify: pass #4
    Costs:   [2147483647, 0, 18, 4, 2147483647, 10]
    Prevs:   [-1, -1, 5, 1, -1, 3]
    Visited: [false, true, true, true, false, true]
    
    Path from B to A:  does not exist.
    Path from B to B:  B
    Path from B to C:  B -> D -> F -> C
    Path from B to D:  B -> D
    Path from B to E:  does not exist.
    Path from B to F:  B -> D -> F
    
    
    Graph 3:
       A  B  C  D  E  F
    A  0 22  0 15  3  0 
    B 22  0  1  4  0  0 
    C  0  1  0 25  0  8 
    D 15  4 25  0  2  6 
    E  3  0  0  2  0  0 
    F  0  0  8  6  0  0 
    
    DFS recursive starting at C: CBADEF
    DFS iter -> starting at C:   CFDEAB
    DFS iter <- starting at C:   CBADEF
    BFS starting at F:           FCDBAE
    
    Dijkstra's Algorithm starting at E: 
    
    Verify: pass #1
    Costs:   [3, 2147483647, 2147483647, 2, 0, 2147483647]
    Prevs:   [4, -1, -1, 4, -1, -1]
    Visited: [false, false, false, false, true, false]
    
    Verify: pass #2
    Costs:   [3, 6, 27, 2, 0, 8]
    Prevs:   [4, 3, 3, 4, -1, 3]
    Visited: [false, false, false, true, true, false]
    
    Verify: pass #3
    Costs:   [3, 6, 27, 2, 0, 8]
    Prevs:   [4, 3, 3, 4, -1, 3]
    Visited: [true, false, false, true, true, false]
    
    Verify: pass #4
    Costs:   [3, 6, 7, 2, 0, 8]
    Prevs:   [4, 3, 1, 4, -1, 3]
    Visited: [true, true, false, true, true, false]
    
    Verify: pass #5
    Costs:   [3, 6, 7, 2, 0, 8]
    Prevs:   [4, 3, 1, 4, -1, 3]
    Visited: [true, true, true, true, true, false]
    
    Verify: pass #6
    Costs:   [3, 6, 7, 2, 0, 8]
    Prevs:   [4, 3, 1, 4, -1, 3]
    Visited: [true, true, true, true, true, true]
    
    Path from E to A:  E -> A
    Path from E to B:  E -> D -> B
    Path from E to C:  E -> D -> B -> C
    Path from E to D:  E -> D
    Path from E to E:  E
    Path from E to F:  E -> D -> F
    
    
    Graph 4:
       A  B  C  D  E  F  G
    A  0  7  0  5  0  0  0 
    B  7  0  8  9  7  0  0 
    C  0  8  0  0  5  0  0 
    D  5  9  0  0 15  6  0 
    E  0  7  5 15  0  8  9 
    F  0  0  0  6  8  0 11 
    G  0  0  0  0  9 11  0 
    
    DFS recursive starting at A: ABCEDFG
    DFS iter -> starting at A:   ADFGECB
    DFS iter <- starting at A:   ABCEDFG
    BFS starting at A:           ABDCEFG
    
    Dijkstra's Algorithm starting at A: 
    
    Verify: pass #1
    Costs:   [0, 7, 2147483647, 5, 2147483647, 2147483647, 2147483647]
    Prevs:   [-1, 0, -1, 0, -1, -1, -1]
    Visited: [true, false, false, false, false, false, false]
    
    Verify: pass #2
    Costs:   [0, 7, 2147483647, 5, 20, 11, 2147483647]
    Prevs:   [-1, 0, -1, 0, 3, 3, -1]
    Visited: [true, false, false, true, false, false, false]
    
    Verify: pass #3
    Costs:   [0, 7, 15, 5, 14, 11, 2147483647]
    Prevs:   [-1, 0, 1, 0, 1, 3, -1]
    Visited: [true, true, false, true, false, false, false]
    
    Verify: pass #4
    Costs:   [0, 7, 15, 5, 14, 11, 22]
    Prevs:   [-1, 0, 1, 0, 1, 3, 5]
    Visited: [true, true, false, true, false, true, false]
    
    Verify: pass #5
    Costs:   [0, 7, 15, 5, 14, 11, 22]
    Prevs:   [-1, 0, 1, 0, 1, 3, 5]
    Visited: [true, true, false, true, true, true, false]
    
    Verify: pass #6
    Costs:   [0, 7, 15, 5, 14, 11, 22]
    Prevs:   [-1, 0, 1, 0, 1, 3, 5]
    Visited: [true, true, true, true, true, true, false]
    
    Verify: pass #7
    Costs:   [0, 7, 15, 5, 14, 11, 22]
    Prevs:   [-1, 0, 1, 0, 1, 3, 5]
    Visited: [true, true, true, true, true, true, true]
    
    Path from A to A:  A
    Path from A to B:  A -> B
    Path from A to C:  A -> B -> C
    Path from A to D:  A -> D
    Path from A to E:  A -> B -> E
    Path from A to F:  A -> D -> F
    Path from A to G:  A -> D -> F -> G
    
    
    Graph 5:
       A  B  C  D  E  F  G  H
    A  0  6  1  3  0  0  5  0 
    B  6  0  0  0  3  0  6  3 
    C  1  0  0  1  0  0  0  0 
    D  3  0  1  0  2  8  0  0 
    E  0  3  0  2  0  0  0  4 
    F  0  0  0  8  0  0  0  5 
    G  5  6  0  0  0  0  0  0 
    H  0  3  0  0  4  5  0  0 
    
    DFS recursive starting at A: ABEDCFHG
    DFS iter -> starting at A:   AGBHFDEC
    DFS iter <- starting at A:   ABEDCFHG
    BFS starting at A:           ABCDGEHF
    
    Dijkstra's Algorithm starting at A: 
    
    Verify: pass #1
    Costs:   [0, 6, 1, 3, 2147483647, 2147483647, 5, 2147483647]
    Prevs:   [-1, 0, 0, 0, -1, -1, 0, -1]
    Visited: [true, false, false, false, false, false, false, false]
    
    Verify: pass #2
    Costs:   [0, 6, 1, 2, 2147483647, 2147483647, 5, 2147483647]
    Prevs:   [-1, 0, 0, 2, -1, -1, 0, -1]
    Visited: [true, false, true, false, false, false, false, false]
    
    Verify: pass #3
    Costs:   [0, 6, 1, 2, 4, 10, 5, 2147483647]
    Prevs:   [-1, 0, 0, 2, 3, 3, 0, -1]
    Visited: [true, false, true, true, false, false, false, false]
    
    Verify: pass #4
    Costs:   [0, 6, 1, 2, 4, 10, 5, 8]
    Prevs:   [-1, 0, 0, 2, 3, 3, 0, 4]
    Visited: [true, false, true, true, true, false, false, false]
    
    Verify: pass #5
    Costs:   [0, 6, 1, 2, 4, 10, 5, 8]
    Prevs:   [-1, 0, 0, 2, 3, 3, 0, 4]
    Visited: [true, false, true, true, true, false, true, false]
    
    Verify: pass #6
    Costs:   [0, 6, 1, 2, 4, 10, 5, 8]
    Prevs:   [-1, 0, 0, 2, 3, 3, 0, 4]
    Visited: [true, true, true, true, true, false, true, false]
    
    Verify: pass #7
    Costs:   [0, 6, 1, 2, 4, 10, 5, 8]
    Prevs:   [-1, 0, 0, 2, 3, 3, 0, 4]
    Visited: [true, true, true, true, true, false, true, true]
    
    Verify: pass #8
    Costs:   [0, 6, 1, 2, 4, 10, 5, 8]
    Prevs:   [-1, 0, 0, 2, 3, 3, 0, 4]
    Visited: [true, true, true, true, true, true, true, true]
    
    Path from A to A:  A
    Path from A to B:  A -> B
    Path from A to C:  A -> C
    Path from A to D:  A -> C -> D
    Path from A to E:  A -> C -> D -> E
    Path from A to F:  A -> C -> D -> F
    Path from A to G:  A -> G
    Path from A to H:  A -> C -> D -> E -> H