    PRINTING THE HEAP!
    
        a2  
       5  a  
     15  1A  B  
    
    The heap as an array: [a2, 5, a, 15, 1A, B]
    peek ----> a2
    remove --> a2
    
    PRINTING THE HEAP!
    
       a  
      5  B  
    15  1A  
    
    The heap as an array: [a, 5, B, 15, 1A]
    peek ----> a
    remove --> a
    
    PRINTING THE HEAP!
    
      B  
     5  1A  
    15  
    
    PRINTING THE HEAP!
    
        111-123  
       12-45  5-9  
     1-3  10-55  1-5  
    
    The heap as an array: [111-123, 12-45, 5-9, 1-3, 10-55, 1-5]
    peek ----> 111-123
    remove --> 111-123
    
    PRINTING THE HEAP!
    
       12-45  
      10-55  5-9  
    1-3  1-5  
    
    The heap as an array: [12-45, 10-55, 5-9, 1-3, 1-5]
    peek ----> 12-45
    remove --> 12-45
    
    PRINTING THE HEAP!
    
      10-55  
     1-5  5-9  
    1-3  