Original Hands:

Player one: 
  [Queen of Spades, 8 of Clubs, Ace of Clubs, 5 of Hearts, 4 of Diamonds, 4 of Hearts]

Player two: 
  [9 of Diamonds, 5 of Spades, Ace of Spades, 10 of Spades, 6 of Spades, 7 of Spades]

--------------------
Round 1:

Player one: 
  [8 of Clubs, Ace of Clubs, 5 of Hearts, 4 of Diamonds, 4 of Hearts, Queen of Spades, 9 of Diamonds]

Player two: 
  [5 of Spades, Ace of Spades, 10 of Spades, 6 of Spades, 7 of Spades]

--------------------
Round 2:

Player one: 
  [Ace of Clubs, 5 of Hearts, 4 of Diamonds, 4 of Hearts, Queen of Spades, 9 of Diamonds, 8 of Clubs, 5 of Spades]

Player two: 
  [Ace of Spades, 10 of Spades, 6 of Spades, 7 of Spades]

--------------------
Round 3:

Player one: 
  [4 of Diamonds, 4 of Hearts, Queen of Spades, 9 of Diamonds, 8 of Clubs, 5 of Spades]

Player two: 
  [6 of Spades, 7 of Spades, Ace of Clubs, Ace of Spades, 5 of Hearts, 10 of Spades]
